CHROM	GeneStart	GeneEnd	TargetID	GeneName	R2	BETA	BETA_SE	T_STAT	PVALUE	N
1	11869	14362	ENSG00000223972.4	DDX11L1	0.10630745587232349	-269.14351194714186	229.18004026327466	-1.1743758821141599	0.24253174303825586	128
1	14413	29553	ENSG00000227232.4	WASH7P	0.10152913885629467	341.939404281477	402.14415157205855	0.850290630722268	0.39682918164123737	128
1	34554	36081	ENSG00000237613.2	FAM138A	0.10249409311069568	-1528.7272459139128	1653.3401613525755	-0.924629596285426	0.35698388072993015	128
